  [1m[35m (110.6ms)[0m  [1m[35mCREATE DATABASE "forge_imobiliaria_development" ENCODING = 'unicode' /*application='ForgeImobiliaria'*/[0m
DEPRECATION WARNING: resource received a hash argument only. Please use a keyword instead. Support to hash argument will be removed in Rails 8.2. (called from block in <main> at /home/rafael-alves/Forge/forge_imobiliaria/config/routes.rb:2)
DEPRECATION WARNING: resource received a hash argument path. Please use a keyword instead. Support to hash argument will be removed in Rails 8.2. (called from block in <main> at /home/rafael-alves/Forge/forge_imobiliaria/config/routes.rb:2)
DEPRECATION WARNING: resource received a hash argument path_names. Please use a keyword instead. Support to hash argument will be removed in Rails 8.2. (called from block in <main> at /home/rafael-alves/Forge/forge_imobiliaria/config/routes.rb:2)
DEPRECATION WARNING: resource received a hash argument controller. Please use a keyword instead. Support to hash argument will be removed in Rails 8.2. (called from block in <main> at /home/rafael-alves/Forge/forge_imobiliaria/config/routes.rb:2)
DEPRECATION WARNING: resource received a hash argument only. Please use a keyword instead. Support to hash argument will be removed in Rails 8.2. (called from block in <main> at /home/rafael-alves/Forge/forge_imobiliaria/config/routes.rb:2)
DEPRECATION WARNING: resource received a hash argument path. Please use a keyword instead. Support to hash argument will be removed in Rails 8.2. (called from block in <main> at /home/rafael-alves/Forge/forge_imobiliaria/config/routes.rb:2)
DEPRECATION WARNING: resource received a hash argument path_names. Please use a keyword instead. Support to hash argument will be removed in Rails 8.2. (called from block in <main> at /home/rafael-alves/Forge/forge_imobiliaria/config/routes.rb:2)
DEPRECATION WARNING: resource received a hash argument controller. Please use a keyword instead. Support to hash argument will be removed in Rails 8.2. (called from block in <main> at /home/rafael-alves/Forge/forge_imobiliaria/config/routes.rb:2)
  [1m[35m (20.4ms)[0m  [1m[35mCREATE TABLE "schema_migrations" ("version" character varying NOT NULL PRIMARY KEY) /*application='ForgeImobiliaria'*/[0m
  [1m[35m (23.9ms)[0m  [1m[35mCREATE TABLE "ar_internal_metadata" ("key" character varying NOT NULL PRIMARY KEY, "value" character varying, "created_at" timestamp(6) NOT NULL, "updated_at" timestamp(6) NOT NULL) /*application='ForgeImobiliaria'*/[0m
  [1m[35m (0.2ms)[0m  [1m[34mSELECT pg_try_advisory_lock(1049966483959334235) /*application='ForgeImobiliaria'*/[0m
  [1m[36mActiveRecord::SchemaMigration Load (0.8ms)[0m  [1m[34mSELECT "schema_migrations"."version" FROM "schema_migrations" ORDER BY "schema_migrations"."version" ASC /*application='ForgeImobiliaria'*/[0m
  [1m[36mActiveRecord::InternalMetadata Load (1.3ms)[0m  [1m[34mSELECT * FROM "ar_internal_metadata" WHERE "ar_internal_metadata"."key" = 'environment' ORDER BY "ar_internal_metadata"."key" ASC LIMIT 1 /*application='ForgeImobiliaria'*/[0m
  [1m[36mActiveRecord::InternalMetadata Create (1.9ms)[0m  [1m[32mINSERT INTO "ar_internal_metadata" ("key", "value", "created_at", "updated_at") VALUES ('environment', 'development', '2026-02-14 18:36:22.170466', '2026-02-14 18:36:22.170469') RETURNING "key" /*application='ForgeImobiliaria'*/[0m
Migrating to DeviseCreateUsers (20260214175611)
  [1m[36mTRANSACTION (0.2ms)[0m  [1m[35mBEGIN /*application='ForgeImobiliaria'*/[0m
  [1m[35m (3.6ms)[0m  [1m[35mCREATE TABLE "users" ("id" bigserial primary key, "email" character varying DEFAULT '' NOT NULL, "encrypted_password" character varying DEFAULT '' NOT NULL, "reset_password_token" character varying, "reset_password_sent_at" timestamp(6), "remember_created_at" timestamp(6), "created_at" timestamp(6) NOT NULL, "updated_at" timestamp(6) NOT NULL) /*application='ForgeImobiliaria'*/[0m
  [1m[35m (0.7ms)[0m  [1m[35mCREATE UNIQUE INDEX "index_users_on_email" ON "users" ("email") /*application='ForgeImobiliaria'*/[0m
  [1m[35m (0.7ms)[0m  [1m[35mCREATE UNIQUE INDEX "index_users_on_reset_password_token" ON "users" ("reset_password_token") /*application='ForgeImobiliaria'*/[0m
  [1m[36mActiveRecord::SchemaMigration Create (0.2ms)[0m  [1m[32mINSERT INTO "schema_migrations" ("version") VALUES ('20260214175611') RETURNING "version" /*application='ForgeImobiliaria'*/[0m
  [1m[36mTRANSACTION (2.5ms)[0m  [1m[35mCOMMIT /*application='ForgeImobiliaria'*/[0m
  [1m[35m (0.2ms)[0m  [1m[34mSELECT pg_advisory_unlock(1049966483959334235) /*application='ForgeImobiliaria'*/[0m
  [1m[36mActiveRecord::SchemaMigration Load (0.2ms)[0m  [1m[34mSELECT "schema_migrations"."version" FROM "schema_migrations" ORDER BY "schema_migrations"."version" ASC /*application='ForgeImobiliaria'*/[0m
  [1m[35mSQL (0.1ms)[0m  [1m[35mSET search_path TO public /*application='ForgeImobiliaria'*/[0m
  [1m[35mSQL (0.1ms)[0m  [1m[35mSET search_path TO "$user", public /*application='ForgeImobiliaria'*/[0m
  [1m[35mSQL (0.1ms)[0m  [1m[35mSET search_path TO public /*application='ForgeImobiliaria'*/[0m
  [1m[35mSQL (0.1ms)[0m  [1m[35mSET search_path TO "$user", public /*application='ForgeImobiliaria'*/[0m
DEPRECATION WARNING: resource received a hash argument only. Please use a keyword instead. Support to hash argument will be removed in Rails 8.2. (called from block in <main> at /rails/config/routes.rb:2)
DEPRECATION WARNING: resource received a hash argument path. Please use a keyword instead. Support to hash argument will be removed in Rails 8.2. (called from block in <main> at /rails/config/routes.rb:2)
DEPRECATION WARNING: resource received a hash argument path_names. Please use a keyword instead. Support to hash argument will be removed in Rails 8.2. (called from block in <main> at /rails/config/routes.rb:2)
DEPRECATION WARNING: resource received a hash argument controller. Please use a keyword instead. Support to hash argument will be removed in Rails 8.2. (called from block in <main> at /rails/config/routes.rb:2)
DEPRECATION WARNING: resource received a hash argument only. Please use a keyword instead. Support to hash argument will be removed in Rails 8.2. (called from block in <main> at /home/rafael-alves/Forge/forge_imobiliaria/config/routes.rb:2)
DEPRECATION WARNING: resource received a hash argument path. Please use a keyword instead. Support to hash argument will be removed in Rails 8.2. (called from block in <main> at /home/rafael-alves/Forge/forge_imobiliaria/config/routes.rb:2)
DEPRECATION WARNING: resource received a hash argument path_names. Please use a keyword instead. Support to hash argument will be removed in Rails 8.2. (called from block in <main> at /home/rafael-alves/Forge/forge_imobiliaria/config/routes.rb:2)
DEPRECATION WARNING: resource received a hash argument controller. Please use a keyword instead. Support to hash argument will be removed in Rails 8.2. (called from block in <main> at /home/rafael-alves/Forge/forge_imobiliaria/config/routes.rb:2)
Started GET "/" for 172.24.0.1 at 2026-02-14 18:36:34 +0000
Cannot render console from 172.24.0.1! Allowed networks: 127.0.0.0/127.255.255.255, ::1
  [1m[36mActiveRecord::SchemaMigration Load (2.0ms)[0m  [1m[34mSELECT "schema_migrations"."version" FROM "schema_migrations" ORDER BY "schema_migrations"."version" ASC /*application='ForgeImobiliaria'*/[0m
DEPRECATION WARNING: resource received a hash argument only. Please use a keyword instead. Support to hash argument will be removed in Rails 8.2. (called from block in <main> at /rails/config/routes.rb:2)
DEPRECATION WARNING: resource received a hash argument path. Please use a keyword instead. Support to hash argument will be removed in Rails 8.2. (called from block in <main> at /rails/config/routes.rb:2)
DEPRECATION WARNING: resource received a hash argument path_names. Please use a keyword instead. Support to hash argument will be removed in Rails 8.2. (called from block in <main> at /rails/config/routes.rb:2)
DEPRECATION WARNING: resource received a hash argument controller. Please use a keyword instead. Support to hash argument will be removed in Rails 8.2. (called from block in <main> at /rails/config/routes.rb:2)
Processing by Rails::WelcomeController#index as HTML
  Rendering /usr/local/bundle/ruby/4.0.0/gems/railties-8.1.2/libtemplates/rails/welcome/index.html.erb
  Rendered /usr/local/bundle/ruby/4.0.0/gems/railties-8.1.2/libtemplates/rails/welcome/index.html.erb (Duration: 0.7ms | GC: 0.0ms)
Completed 200 OK in 16ms (Views: 7.8ms | ActiveRecord: 0.0ms (0 queries, 0 cached) | GC: 0.0ms)


  [1m[35m (116.2ms)[0m  [1m[35mCREATE DATABASE "forge_imobiliaria_development" ENCODING = 'unicode' /*application='ForgeImobiliaria'*/[0m
  [1m[35m (115.5ms)[0m  [1m[35mCREATE DATABASE "forge_imobiliaria_development" ENCODING = 'unicode' /*application='ForgeImobiliaria'*/[0m
  [1m[35m (118.0ms)[0m  [1m[35mCREATE DATABASE "forge_imobiliaria_development" ENCODING = 'unicode' /*application='ForgeImobiliaria'*/[0m
  [1m[35m (120.2ms)[0m  [1m[35mCREATE DATABASE "forge_imobiliaria_development" ENCODING = 'unicode' /*application='ForgeImobiliaria'*/[0m
  [1m[35mSQL (0.1ms)[0m  [1m[35mSET search_path TO public /*application='ForgeImobiliaria'*/[0m
  [1m[35m (88.3ms)[0m  [1m[35mCREATE DATABASE "forge_imobiliaria_development" ENCODING = 'unicode' /*application='ForgeImobiliaria'*/[0m
  [1m[35mSQL (0.2ms)[0m  [1m[35mSET search_path TO public /*application='ForgeImobiliaria'*/[0m
  [1m[35m (223.3ms)[0m  [1m[35mCREATE DATABASE "forge_imobiliaria_test" ENCODING = 'unicode' /*application='ForgeImobiliaria'*/[0m
  [1m[35m (0.2ms)[0m  [1m[34mSELECT pg_try_advisory_lock(1049966483959334235) /*application='ForgeImobiliaria'*/[0m
  [1m[36mActiveRecord::SchemaMigration Load (1.9ms)[0m  [1m[34mSELECT "schema_migrations"."version" FROM "schema_migrations" ORDER BY "schema_migrations"."version" ASC /*application='ForgeImobiliaria'*/[0m
  [1m[36mActiveRecord::InternalMetadata Load (2.9ms)[0m  [1m[34mSELECT * FROM "ar_internal_metadata" WHERE "ar_internal_metadata"."key" = 'environment' ORDER BY "ar_internal_metadata"."key" ASC LIMIT 1 /*application='ForgeImobiliaria'*/[0m
  [1m[35m (0.3ms)[0m  [1m[34mSELECT pg_advisory_unlock(1049966483959334235) /*application='ForgeImobiliaria'*/[0m
  [1m[35m (0.3ms)[0m  [1m[34mSELECT pg_try_advisory_lock(1049966483959334235) /*application='ForgeImobiliaria'*/[0m
  [1m[36mActiveRecord::SchemaMigration Load (1.6ms)[0m  [1m[34mSELECT "schema_migrations"."version" FROM "schema_migrations" ORDER BY "schema_migrations"."version" ASC /*application='ForgeImobiliaria'*/[0m
  [1m[36mActiveRecord::InternalMetadata Load (1.9ms)[0m  [1m[34mSELECT * FROM "ar_internal_metadata" WHERE "ar_internal_metadata"."key" = 'environment' ORDER BY "ar_internal_metadata"."key" ASC LIMIT 1 /*application='ForgeImobiliaria'*/[0m
  [1m[35m (0.4ms)[0m  [1m[34mSELECT pg_advisory_unlock(1049966483959334235) /*application='ForgeImobiliaria'*/[0m
  [1m[35m (0.2ms)[0m  [1m[34mSELECT pg_try_advisory_lock(1049966483959334235) /*application='ForgeImobiliaria'*/[0m
  [1m[36mActiveRecord::SchemaMigration Load (1.4ms)[0m  [1m[34mSELECT "schema_migrations"."version" FROM "schema_migrations" ORDER BY "schema_migrations"."version" ASC /*application='ForgeImobiliaria'*/[0m
  [1m[36mActiveRecord::InternalMetadata Load (1.3ms)[0m  [1m[34mSELECT * FROM "ar_internal_metadata" WHERE "ar_internal_metadata"."key" = 'environment' ORDER BY "ar_internal_metadata"."key" ASC LIMIT 1 /*application='ForgeImobiliaria'*/[0m
  [1m[35m (0.2ms)[0m  [1m[34mSELECT pg_advisory_unlock(1049966483959334235) /*application='ForgeImobiliaria'*/[0m
  [1m[35m (0.3ms)[0m  [1m[34mSELECT pg_try_advisory_lock(1049966483959334235) /*application='ForgeImobiliaria'*/[0m
  [1m[36mActiveRecord::SchemaMigration Load (1.4ms)[0m  [1m[34mSELECT "schema_migrations"."version" FROM "schema_migrations" ORDER BY "schema_migrations"."version" ASC /*application='ForgeImobiliaria'*/[0m
  [1m[36mActiveRecord::InternalMetadata Load (1.2ms)[0m  [1m[34mSELECT * FROM "ar_internal_metadata" WHERE "ar_internal_metadata"."key" = 'environment' ORDER BY "ar_internal_metadata"."key" ASC LIMIT 1 /*application='ForgeImobiliaria'*/[0m
  [1m[35m (0.3ms)[0m  [1m[34mSELECT pg_advisory_unlock(1049966483959334235) /*application='ForgeImobiliaria'*/[0m
  [1m[35m (0.3ms)[0m  [1m[34mSELECT pg_try_advisory_lock(1049966483959334235) /*application='ForgeImobiliaria'*/[0m
  [1m[36mActiveRecord::SchemaMigration Load (1.6ms)[0m  [1m[34mSELECT "schema_migrations"."version" FROM "schema_migrations" ORDER BY "schema_migrations"."version" ASC /*application='ForgeImobiliaria'*/[0m
  [1m[36mActiveRecord::InternalMetadata Load (1.5ms)[0m  [1m[34mSELECT * FROM "ar_internal_metadata" WHERE "ar_internal_metadata"."key" = 'environment' ORDER BY "ar_internal_metadata"."key" ASC LIMIT 1 /*application='ForgeImobiliaria'*/[0m
  [1m[35m (0.3ms)[0m  [1m[34mSELECT pg_advisory_unlock(1049966483959334235) /*application='ForgeImobiliaria'*/[0m
